
root@pve:~# wget https://sourceforge.net/projects/metasploitable/files/Metasploitable2/metasploitable-linux-2.0.0.zip
--xxxxxxx--  https://sourceforge.net/projects/metasploitable/files/Metasploitable2/metasploitable-linux-2.0.0.zip
Resolving sourceforge.net (sourceforge.net)... xxxxxxx, ...
Connecting to sourceforge.net (sourceforge.net)|xxxxxxx... connected.
HTTP request sent, awaiting response... 301 Moved Permanently
Location: https://sourceforge.net/projects/metasploitable/files/Metasploitable2/metasploitable-linux-2.0.0.zip/ [following]
--xxxxxxx--  https://sourceforge.net/projects/metasploitable/files/Metasploitable2/metasploitable-linux-2.0.0.zip/
Reusing existing connection to sourceforge.net:443.
HTTP request sent, awaiting response... 301 Moved Permanently
Location: https://sourceforge.net/projects/metasploitable/files/Metasploitable2/metasploitable-linux-2.0.0.zip/download [following]
--xxxxxxx--  https://sourceforge.net/projects/metasploitable/files/Metasploitable2/metasploitable-linux-2.0.0.zip/download
Reusing existing connection to sourceforge.net:443.
HTTP request sent, awaiting response... 302 Found
Location: https://downloads.sourceforge.net/project/metasploitable/Metasploitable2/metasploitable-linux-2.0.0.zip?ts=gAAAAABoOR_YhhOJp9Av8Jc4cOaN8jQwTDNYgKu_8NxYh_7xXKxSrLg9in9d-PRSaWoUOnx4sJIVp8ylUfcWo4WBf1SiNZKgCg%3D%3D&use_mirror=cfhcable&r= [following]
--xxxxxxx--  https://downloads.sourceforge.net/project/metasploitable/Metasploitable2/metasploitable-linux-2.0.0.zip?ts=gAAAAABoOR_YhhOJp9Av8Jc4cOaN8jQwTDNYgKu_8NxYh_7xXKxSrLg9in9d-PRSaWoUOnx4sJIVp8ylUfcWo4WBf1SiNZKgCg%3D%3D&use_mirror=cfhcable&r=
Resolving downloads.sourceforge.net (downloads.sourceforge.net)... xxxxxxx, ...
Connecting to downloads.sourceforge.net (downloads.sourceforge.net)xxxxxxx... connected.
HTTP request sent, awaiting response... 302 Found
Location: https://cfhcable.dl.sourceforge.net/project/metasploitable/Metasploitable2/metasploitable-linux-2.0.0.zip?viasf=1 [following]
--xxxxxxx--  https://cfhcable.dl.sourceforge.net/project/metasploitable/Metasploitable2/metasploitable-linux-2.0.0.zip?viasf=1
Resolving cfhcable.dl.sourceforge.net (cfhcable.dl.sourceforge.net)... xxxxxxx
Connecting to cfhcable.dl.sourceforge.net (cfhcable.dl.sourceforge.net)xxxxxxx... connected.
HTTP request sent, awaiting response... 200 OK
Length: 865084584 (825M) [application/octet-stream]
Saving to: ‘metasploitable-linux-2.0.0.zip’

metasploitable-linux-2.0.0.zip                              100%[=========================================================================================================================================>] 825.01M  32.3MB/s    in 25s     

xxxxxxx (33.0 MB/s) - ‘metasploitable-linux-2.0.0.zip’ saved [865084584/865084584]

root@pve:~# unzip metasploitable-linux-2.0.0.zip
-bash: unzip: command not found
root@pve:~# apt-get install unzip
Reading package lists... Done
Building dependency tree... Done
Reading state information... Done
Suggested packages:
  zip
The following NEW packages will be installed:
  unzip
0 upgraded, 1 newly installed, 0 to remove and 42 not upgraded.
Need to get 166 kB of archives.
After this operation, 388 kB of additional disk space will be used.
Get:1 xxxxxxx
Fetched 166 kB in 0s (473 kB/s)
Selecting previously unselected package unzip.
(Reading database ... 68942 files and directories currently installed.)
Preparing to unpack .../unzip_6.0-28_amd64.deb ...
Unpacking unzip (6.0-28) ...
Setting up unzip (6.0-28) ...
Processing triggers for mailcap (3.70+nmu1) ...
Processing triggers for man-db (2.11.2-2) ...
root@pve:~# unzip metasploitable-linux-2.0.0.zip
Archive:  metasploitable-linux-2.0.0.zip
   creating: Metasploitable2-Linux/
  inflating: Metasploitable2-Linux/Metasploitable.nvram  
  inflating: Metasploitable2-Linux/Metasploitable.vmdk  
 extracting: Metasploitable2-Linux/Metasploitable.vmsd  
  inflating: Metasploitable2-Linux/Metasploitable.vmx  
  inflating: Metasploitable2-Linux/Metasploitable.vmxf  
root@pve:~# ls
install-debuntu.sh  Metasploitable2-Linux  metasploitable-linux-2.0.0.zip
root@pve:~# cd Metasploitable2-Linux/
root@pve:~/Metasploitable2-Linux# qemu-img convert -O qcow2 Metasploitable.vmdk metasploitable.qcow2
root@pve:~/Metasploitable2-Linux# qm create 300 --memory 2048 --cores 2 --name Metasploitable2 --net0 virtio,bridge=vmbr0 --boot c --bootdisk ide0
root@pve:~/Metasploitable2-Linux# qm importdisk 300 metasploitable.qcow2 local-lvm
importing disk 'metasploitable.qcow2' to VM 300 ...
  Logical volume "vm-300-disk-0" created.
transferred 0.0 B of 8.0 GiB (0.00%)
transferred 83.6 MiB of 8.0 GiB (1.02%)
transferred 167.1 MiB of 8.0 GiB (2.04%)
transferred 256.4 MiB of 8.0 GiB (3.13%)
transferred 345.7 MiB of 8.0 GiB (4.22%)
transferred 435.0 MiB of 8.0 GiB (5.31%)
transferred 524.3 MiB of 8.0 GiB (6.40%)
transferred 612.8 MiB of 8.0 GiB (7.48%)
transferred 702.1 MiB of 8.0 GiB (8.57%)
transferred 785.6 MiB of 8.0 GiB (9.59%)
transferred 875.7 MiB of 8.0 GiB (10.69%)
transferred 961.7 MiB of 8.0 GiB (11.74%)
transferred 1.0 GiB of 8.0 GiB (12.83%)
transferred 1.1 GiB of 8.0 GiB (13.93%)
transferred 1.2 GiB of 8.0 GiB (15.02%)
transferred 1.3 GiB of 8.0 GiB (16.11%)
transferred 1.4 GiB of 8.0 GiB (17.20%)
transferred 1.5 GiB of 8.0 GiB (18.29%)
transferred 1.5 GiB of 8.0 GiB (19.33%)
transferred 1.6 GiB of 8.0 GiB (20.34%)
transferred 1.7 GiB of 8.0 GiB (21.36%)
transferred 1.8 GiB of 8.0 GiB (22.45%)
transferred 1.9 GiB of 8.0 GiB (23.54%)
transferred 2.0 GiB of 8.0 GiB (24.63%)
transferred 2.1 GiB of 8.0 GiB (25.73%)
transferred 2.1 GiB of 8.0 GiB (26.78%)
transferred 2.2 GiB of 8.0 GiB (27.87%)
transferred 2.3 GiB of 8.0 GiB (28.96%)
transferred 2.4 GiB of 8.0 GiB (30.03%)
transferred 2.5 GiB of 8.0 GiB (31.04%)
transferred 2.6 GiB of 8.0 GiB (32.13%)
transferred 2.7 GiB of 8.0 GiB (33.22%)
transferred 2.7 GiB of 8.0 GiB (34.30%)
transferred 2.8 GiB of 8.0 GiB (35.39%)
transferred 2.9 GiB of 8.0 GiB (36.48%)
transferred 3.0 GiB of 8.0 GiB (37.49%)
transferred 3.1 GiB of 8.0 GiB (38.55%)
transferred 3.2 GiB of 8.0 GiB (39.64%)
transferred 3.3 GiB of 8.0 GiB (40.73%)
transferred 3.3 GiB of 8.0 GiB (41.81%)
transferred 3.4 GiB of 8.0 GiB (42.85%)
transferred 3.5 GiB of 8.0 GiB (43.88%)
transferred 3.6 GiB of 8.0 GiB (44.98%)
transferred 3.7 GiB of 8.0 GiB (46.07%)
transferred 3.8 GiB of 8.0 GiB (47.16%)
transferred 3.9 GiB of 8.0 GiB (48.25%)
transferred 3.9 GiB of 8.0 GiB (49.28%)
transferred 4.0 GiB of 8.0 GiB (50.30%)
transferred 4.1 GiB of 8.0 GiB (51.39%)
transferred 4.2 GiB of 8.0 GiB (52.44%)
transferred 4.3 GiB of 8.0 GiB (53.48%)
transferred 4.4 GiB of 8.0 GiB (54.48%)
transferred 4.4 GiB of 8.0 GiB (55.49%)
transferred 4.5 GiB of 8.0 GiB (56.58%)
transferred 4.6 GiB of 8.0 GiB (57.66%)
transferred 4.7 GiB of 8.0 GiB (58.75%)
transferred 4.8 GiB of 8.0 GiB (59.85%)
transferred 4.9 GiB of 8.0 GiB (60.93%)
transferred 5.0 GiB of 8.0 GiB (62.02%)
transferred 5.0 GiB of 8.0 GiB (63.11%)
transferred 5.1 GiB of 8.0 GiB (64.20%)
transferred 5.2 GiB of 8.0 GiB (65.29%)
transferred 5.3 GiB of 8.0 GiB (66.29%)
transferred 5.4 GiB of 8.0 GiB (67.35%)
transferred 5.5 GiB of 8.0 GiB (68.44%)
transferred 5.6 GiB of 8.0 GiB (69.49%)
transferred 5.6 GiB of 8.0 GiB (70.51%)
transferred 5.7 GiB of 8.0 GiB (71.60%)
transferred 5.8 GiB of 8.0 GiB (72.69%)
transferred 5.9 GiB of 8.0 GiB (73.78%)
transferred 6.0 GiB of 8.0 GiB (74.87%)
transferred 6.1 GiB of 8.0 GiB (75.98%)
transferred 6.2 GiB of 8.0 GiB (77.04%)
transferred 6.3 GiB of 8.0 GiB (78.13%)
transferred 6.3 GiB of 8.0 GiB (79.22%)
transferred 6.4 GiB of 8.0 GiB (80.25%)
transferred 6.5 GiB of 8.0 GiB (81.28%)
transferred 6.6 GiB of 8.0 GiB (82.37%)
transferred 6.7 GiB of 8.0 GiB (83.46%)
transferred 6.8 GiB of 8.0 GiB (84.55%)
transferred 6.9 GiB of 8.0 GiB (85.64%)
transferred 6.9 GiB of 8.0 GiB (86.73%)
transferred 7.0 GiB of 8.0 GiB (87.82%)
transferred 7.1 GiB of 8.0 GiB (88.91%)
transferred 7.2 GiB of 8.0 GiB (89.92%)
transferred 7.3 GiB of 8.0 GiB (90.93%)
transferred 7.4 GiB of 8.0 GiB (92.02%)
transferred 7.4 GiB of 8.0 GiB (93.03%)
transferred 7.5 GiB of 8.0 GiB (94.03%)
transferred 7.6 GiB of 8.0 GiB (95.12%)
transferred 7.7 GiB of 8.0 GiB (96.21%)
transferred 7.8 GiB of 8.0 GiB (97.28%)
transferred 7.9 GiB of 8.0 GiB (98.36%)
transferred 8.0 GiB of 8.0 GiB (99.45%)
transferred 8.0 GiB of 8.0 GiB (100.00%)
transferred 8.0 GiB of 8.0 GiB (100.00%)
unused0: successfully imported disk 'local-lvm:vm-300-disk-0'
root@pve:~/Metasploitable2-Linux# qm set 300 --ide0 local-lvm:vm-300-disk-0
update VM 300: -ide0 local-lvm:vm-300-disk-0
root@pve:~/Metasploitable2-Linux# 
